--
-- ALTER_TABLE
--
-- Clean up in case a prior regression run failed
SET client_min_messages TO 'warning';
RESET client_min_messages;
--
-- add attribute
--
CREATE TABLE attmp (initial int4);
INSERT INTO attmp (a, b, c, d, e, f, g,    i,    k, l, m, n, p, q, r, s, t,
	v, w, x, y, z)
   VALUES (4, 'name', 'text', 4.1, 4.1, 2, '(4.1,4.1,3.1,3.1)',
	'c',
	314159, '(1,1)', '512',
	'1 2 3 4 5 6 7 8', true, '(1.1,1.1)', '(4.1,4.1,3.1,3.1)',
	'(0,2,4.1,4.1,3.1,3.1)', '(4.1,4.1,3.1,3.1)',
	'epoch', '01:00:10', '{1.0,2.0,3.0,4.0}', '{1.0,2.0,3.0,4.0}', '{1,2,3,4}');
DROP TABLE attmp;
-- the wolf bug - schema mods caused inconsistent row descriptors
CREATE TABLE attmp (
	initial 	int4
);
INSERT INTO attmp (a, b, c, d, e, f, g,    i,   k, l, m, n, p, q, r, s, t,
	v, w, x, y, z)
   VALUES (4, 'name', 'text', 4.1, 4.1, 2, '(4.1,4.1,3.1,3.1)',
        'c',
	314159, '(1,1)', '512',
	'1 2 3 4 5 6 7 8', true, '(1.1,1.1)', '(4.1,4.1,3.1,3.1)',
	'(0,2,4.1,4.1,3.1,3.1)', '(4.1,4.1,3.1,3.1)',
	'epoch', '01:00:10', '{1.0,2.0,3.0,4.0}', '{1.0,2.0,3.0,4.0}', '{1,2,3,4}');
ALTER INDEX attmp_idx ALTER COLUMN 0 SET STATISTICS 1000;
ERROR:  column number must be in range from 1 to 32767
LINE 1: ALTER INDEX attmp_idx ALTER COLUMN 0 SET STATISTICS 1000;
                                           ^
DROP TABLE attmp;
--
-- rename - check on both non-temp and temp tables
--
CREATE TABLE attmp (regtable int);
