--
-- BIT types
--
--
-- Build tables for testing
--
CREATE TABLE BIT_TABLE(b BIT(11));
INSERT INTO BIT_TABLE VALUES (B'00000000000');
INSERT INTO BIT_TABLE VALUES (B'11011000000');
INSERT INTO BIT_TABLE VALUES (B'01010101010');
