--
-- FLOAT4
--
CREATE TABLE FLOAT4_TBL (f1  float4);
INSERT INTO FLOAT4_TBL(f1) VALUES ('    0.0');
INSERT INTO FLOAT4_TBL(f1) VALUES ('1004.30   ');
INSERT INTO FLOAT4_TBL(f1) VALUES ('     -34.84    ');
INSERT INTO FLOAT4_TBL(f1) VALUES ('1.2345678901234e+20');
INSERT INTO FLOAT4_TBL(f1) VALUES ('1.2345678901234e-20');
-- test for over and under flow
INSERT INTO FLOAT4_TBL(f1) VALUES ('10e70');
ERROR:  "10e70" is out of range for type real
LINE 1: INSERT INTO FLOAT4_TBL(f1) VALUES ('10e70');
                                           ^
INSERT INTO FLOAT4_TBL(f1) VALUES ('-10e70');
ERROR:  "-10e70" is out of range for type real
LINE 1: INSERT INTO FLOAT4_TBL(f1) VALUES ('-10e70');
                                           ^
INSERT INTO FLOAT4_TBL(f1) VALUES ('10e-70');
ERROR:  "10e-70" is out of range for type real
LINE 1: INSERT INTO FLOAT4_TBL(f1) VALUES ('10e-70');
                                           ^
INSERT INTO FLOAT4_TBL(f1) VALUES ('-10e-70');
ERROR:  "-10e-70" is out of range for type real
LINE 1: INSERT INTO FLOAT4_TBL(f1) VALUES ('-10e-70');
                                           ^
INSERT INTO FLOAT4_TBL(f1) VALUES ('10e70'::float8);
ERROR:  value out of range: overflow
INSERT INTO FLOAT4_TBL(f1) VALUES ('-10e70'::float8);
ERROR:  value out of range: overflow
INSERT INTO FLOAT4_TBL(f1) VALUES ('10e-70'::float8);
ERROR:  value out of range: underflow
INSERT INTO FLOAT4_TBL(f1) VALUES ('-10e-70'::float8);
ERROR:  value out of range: underflow
INSERT INTO FLOAT4_TBL(f1) VALUES ('10e400');
ERROR:  "10e400" is out of range for type real
LINE 1: INSERT INTO FLOAT4_TBL(f1) VALUES ('10e400');
                                           ^
INSERT INTO FLOAT4_TBL(f1) VALUES ('-10e400');
ERROR:  "-10e400" is out of range for type real
LINE 1: INSERT INTO FLOAT4_TBL(f1) VALUES ('-10e400');
                                           ^
INSERT INTO FLOAT4_TBL(f1) VALUES ('10e-400');
ERROR:  "10e-400" is out of range for type real
LINE 1: INSERT INTO FLOAT4_TBL(f1) VALUES ('10e-400');
                                           ^
INSERT INTO FLOAT4_TBL(f1) VALUES ('-10e-400');
ERROR:  "-10e-400" is out of range for type real
LINE 1: INSERT INTO FLOAT4_TBL(f1) VALUES ('-10e-400');
                                           ^
-- bad input
INSERT INTO FLOAT4_TBL(f1) VALUES ('');
ERROR:  invalid input syntax for type real: ""
LINE 1: INSERT INTO FLOAT4_TBL(f1) VALUES ('');
                                           ^
INSERT INTO FLOAT4_TBL(f1) VALUES ('       ');
ERROR:  invalid input syntax for type real: "       "
LINE 1: INSERT INTO FLOAT4_TBL(f1) VALUES ('       ');
                                           ^
INSERT INTO FLOAT4_TBL(f1) VALUES ('xyz');
ERROR:  invalid input syntax for type real: "xyz"
LINE 1: INSERT INTO FLOAT4_TBL(f1) VALUES ('xyz');
                                           ^
INSERT INTO FLOAT4_TBL(f1) VALUES ('5.0.0');
ERROR:  invalid input syntax for type real: "5.0.0"
LINE 1: INSERT INTO FLOAT4_TBL(f1) VALUES ('5.0.0');
                                           ^
INSERT INTO FLOAT4_TBL(f1) VALUES ('5 . 0');
ERROR:  invalid input syntax for type real: "5 . 0"
LINE 1: INSERT INTO FLOAT4_TBL(f1) VALUES ('5 . 0');
                                           ^
INSERT INTO FLOAT4_TBL(f1) VALUES ('5.   0');
ERROR:  invalid input syntax for type real: "5.   0"
LINE 1: INSERT INTO FLOAT4_TBL(f1) VALUES ('5.   0');
                                           ^
INSERT INTO FLOAT4_TBL(f1) VALUES ('     - 3.0');
ERROR:  invalid input syntax for type real: "     - 3.0"
LINE 1: INSERT INTO FLOAT4_TBL(f1) VALUES ('     - 3.0');
                                           ^
INSERT INTO FLOAT4_TBL(f1) VALUES ('123            5');
ERROR:  invalid input syntax for type real: "123            5"
LINE 1: INSERT INTO FLOAT4_TBL(f1) VALUES ('123            5');
                                           ^
-- bad special inputs
SELECT 'N A N'::float4;
ERROR:  invalid input syntax for type real: "N A N"
LINE 1: SELECT 'N A N'::float4;
               ^
SELECT 'NaN x'::float4;
ERROR:  invalid input syntax for type real: "NaN x"
LINE 1: SELECT 'NaN x'::float4;
               ^
SELECT ' INFINITY    x'::float4;
ERROR:  invalid input syntax for type real: " INFINITY    x"
LINE 1: SELECT ' INFINITY    x'::float4;
               ^
SELECT '42'::float4 / 'Infinity'::float4;
 ?column? 
----------
        0
(1 row)

SELECT f.* FROM FLOAT4_TBL f WHERE f.f1 = '1004.3';
   f1   
--------
 1004.3
(1 row)

SELECT f.* FROM FLOAT4_TBL f WHERE '1004.3' > f.f1;
      f1       
---------------
             0
        -34.84
 1.2345679e-20
(3 rows)

SELECT f.* FROM FLOAT4_TBL f WHERE  f.f1 < '1004.3';
      f1       
---------------
             0
        -34.84
 1.2345679e-20
(3 rows)

SELECT f.* FROM FLOAT4_TBL f WHERE '1004.3' >= f.f1;
      f1       
---------------
             0
        1004.3
        -34.84
 1.2345679e-20
(4 rows)

SELECT f.* FROM FLOAT4_TBL f WHERE  f.f1 <= '1004.3';
      f1       
---------------
             0
        1004.3
        -34.84
 1.2345679e-20
(4 rows)

-- test divide by zero
SELECT f.f1 / '0.0' from FLOAT4_TBL f;
ERROR:  division by zero
-- test edge-case coercions to integer
SELECT '32767.4'::float4::int2;
 int2  
-------
 32767
(1 row)

SELECT '32767.6'::float4::int2;
ERROR:  smallint out of range
SELECT '-32768.4'::float4::int2;
  int2  
--------
 -32768
(1 row)

SELECT '-32768.6'::float4::int2;
ERROR:  smallint out of range
SELECT '2147483520'::float4::int4;
    int4    
------------
 2147483520
(1 row)

SELECT '2147483647'::float4::int4;
ERROR:  integer out of range
SELECT '-2147483648.5'::float4::int4;
    int4     
-------------
 -2147483648
(1 row)

SELECT '-2147483900'::float4::int4;
ERROR:  integer out of range
SELECT '9223369837831520256'::float4::int8;
        int8         
---------------------
 9223369837831520256
(1 row)

SELECT '9223372036854775807'::float4::int8;
ERROR:  bigint out of range
SELECT '-9223372036854775808.5'::float4::int8;
         int8         
----------------------
 -9223372036854775808
(1 row)

SELECT '-9223380000000000000'::float4::int8;
ERROR:  bigint out of range
