--
-- INT8
-- Test int8 64-bit integers.
--
CREATE TABLE INT8_TBL(q1 int8, q2 int8);
INSERT INTO INT8_TBL VALUES('  123   ','  456');
INSERT INTO INT8_TBL VALUES('123   ','4567890123456789');
INSERT INTO INT8_TBL VALUES('4567890123456789','123');
INSERT INTO INT8_TBL VALUES(+4567890123456789,'4567890123456789');
INSERT INTO INT8_TBL VALUES('+4567890123456789','-4567890123456789');
-- bad inputs
INSERT INTO INT8_TBL(q1) VALUES ('      ');
ERROR:  invalid input syntax for type bigint: "      "
LINE 1: INSERT INTO INT8_TBL(q1) VALUES ('      ');
                                         ^
INSERT INTO INT8_TBL(q1) VALUES ('xxx');
ERROR:  invalid input syntax for type bigint: "xxx"
LINE 1: INSERT INTO INT8_TBL(q1) VALUES ('xxx');
                                         ^
INSERT INTO INT8_TBL(q1) VALUES ('3908203590239580293850293850329485');
ERROR:  value "3908203590239580293850293850329485" is out of range for type bigint
LINE 1: INSERT INTO INT8_TBL(q1) VALUES ('39082035902395802938502938...
                                         ^
INSERT INTO INT8_TBL(q1) VALUES ('-1204982019841029840928340329840934');
ERROR:  value "-1204982019841029840928340329840934" is out of range for type bigint
LINE 1: INSERT INTO INT8_TBL(q1) VALUES ('-1204982019841029840928340...
                                         ^
INSERT INTO INT8_TBL(q1) VALUES ('- 123');
ERROR:  invalid input syntax for type bigint: "- 123"
LINE 1: INSERT INTO INT8_TBL(q1) VALUES ('- 123');
                                         ^
INSERT INTO INT8_TBL(q1) VALUES ('  345     5');
ERROR:  invalid input syntax for type bigint: "  345     5"
LINE 1: INSERT INTO INT8_TBL(q1) VALUES ('  345     5');
                                         ^
INSERT INTO INT8_TBL(q1) VALUES ('');
ERROR:  invalid input syntax for type bigint: ""
LINE 1: INSERT INTO INT8_TBL(q1) VALUES ('');
                                         ^
