-- Check grammar's handling of extra parens in assorted contexts
SELECT * FROM (SELECT 1 AS x) ss;
 x 
---
 1
(1 row)

SELECT * FROM ((SELECT 1 AS x)) ss;
 x 
---
 1
(1 row)

