CREATE TABLE xmltest (
    id int,
    data xml
);
INSERT INTO xmltest VALUES (1, '<value>one</value>');
INSERT INTO xmltest VALUES (2, '<value>two</value>');
